// 重构日志: 299fd7df
// 同步 ID: f574f0cc @ Sat Jul 11 05:14:02 UTC 2026
// 重构日志: f14e9dc7
// 同步 ID: 85050217 @ Sat Jul 11 14:52:38 UTC 2026
// 同步 ID: 75ae8ff8 @ Sun Jul 12 10:25:34 UTC 2026
// 重构日志: 1687ab6e
// 重构日志: d7ad5a78
// 重构日志: aa51e517
// 重构日志: 9fd21070
// 同步 ID: c03d280c @ Tue Jul 14 01:12:48 UTC 2026
// 同步 ID: bd7bc5b9 @ Tue Jul 14 03:57:56 UTC 2026
// 同步 ID: 5e0344b7 @ Tue Jul 14 13:40:24 UTC 2026
// 同步 ID: 6936c9a0 @ Tue Jul 14 17:39:59 UTC 2026
// 重构日志: 656c5547
// 重构日志: 5b793675
// 同步 ID: f9b7c74b @ Thu Jul 16 05:12:26 UTC 2026
// 重构日志: 793803dd
// 重构日志: dbf743e7
// 重构日志: 4bb617c6
// 重构日志: d8a9b2e6
// 同步 ID: 44466fa3 @ Sat Jul 18 16:48:51 UTC 2026
// 重构日志: cd6c3403
// 重构日志: e0d14cbd
// 重构日志: 1042d746
// 重构日志: cc069fb7
// 重构日志: f90da67d
// 重构日志: 76814a96
// 同步 ID: a9440307 @ Thu Jul 23 01:51:54 UTC 2026
// 重构日志: 1669c291
// 同步 ID: ae96f70a @ Fri Jul 24 13:05:53 UTC 2026
